// Vitest Snapshot v1

exports[`resolvePaths() > Should resolve the relative source and destination paths 1`] = `
[
  "C:\\\\Users\\\\scase\\\\OneDrive\\\\Documents\\\\git\\\\kurohyou_studios\\\\k-scaffold\\\\test.pug",
  "C:\\\\Users\\\\scase\\\\OneDrive\\\\Documents\\\\git\\\\kurohyou_studios\\\\k-scaffold\\\\test.html",
]
`;
