// Vitest Snapshot v1

exports[`compendium entry mixins > Should create the compendium mixins 1`] = `
"
<input name=\\"attr_drop_name\\" accept=\\"Name\\" value=\\"\\" type=\\"hidden\\" title=\\"@{drop_name}\\"/>
<input name=\\"attr_drop_data\\" accept=\\"data\\" value=\\"\\" type=\\"hidden\\" title=\\"@{drop_data}\\"/>
<input name=\\"attr_prefix_drop_name\\" accept=\\"Name\\" value=\\"\\" type=\\"hidden\\" title=\\"@{prefix_drop_name}\\"/>
<input name=\\"attr_prefix_drop_data\\" accept=\\"data\\" value=\\"\\" type=\\"hidden\\" title=\\"@{prefix_drop_data}\\"/>
<fieldset class=\\"repeating_basic-fieldset\\">
  <input name=\\"attr_drop_name\\" accept=\\"Name\\" value=\\"\\" type=\\"hidden\\" title=\\"@{repeating_basic-fieldset_$X_drop_name}\\"/>
  <input name=\\"attr_drop_data\\" accept=\\"data\\" value=\\"\\" type=\\"hidden\\" title=\\"@{repeating_basic-fieldset_$X_drop_data}\\"/>
  <input name=\\"attr_prefix_drop_name\\" accept=\\"Name\\" value=\\"\\" type=\\"hidden\\" title=\\"@{repeating_basic-fieldset_$X_prefix_drop_name}\\"/>
  <input name=\\"attr_prefix_drop_data\\" accept=\\"data\\" value=\\"\\" type=\\"hidden\\" title=\\"@{repeating_basic-fieldset_$X_prefix_drop_data}\\"/>
</fieldset><span class=\\"add-a-class\\" hidden=\\"\\"></span>
<fieldset class=\\"repeating_class-fieldset\\">
  <input name=\\"attr_drop_name\\" accept=\\"Name\\" value=\\"\\" type=\\"hidden\\" title=\\"@{repeating_class-fieldset_$X_drop_name}\\"/>
  <input name=\\"attr_drop_data\\" accept=\\"data\\" value=\\"\\" type=\\"hidden\\" title=\\"@{repeating_class-fieldset_$X_drop_data}\\"/>
  <input name=\\"attr_prefix_drop_name\\" accept=\\"Name\\" value=\\"\\" type=\\"hidden\\" title=\\"@{repeating_class-fieldset_$X_prefix_drop_name}\\"/>
  <input name=\\"attr_prefix_drop_data\\" accept=\\"data\\" value=\\"\\" type=\\"hidden\\" title=\\"@{repeating_class-fieldset_$X_prefix_drop_data}\\"/>
</fieldset>
<button class=\\"repcontrol-button repcontrol-button--add\\" name=\\"act_add-custom-fieldset\\" type=\\"action\\" title=\\"%{add-custom-fieldset}\\">
</button>
<button class=\\"repcontrol-button repcontrol-button--edit\\" name=\\"act_edit-custom-fieldset\\" type=\\"action\\" title=\\"%{edit-custom-fieldset}\\">
</button>
<fieldset class=\\"repeating_custom-fieldset\\">
  <input name=\\"attr_drop_name\\" accept=\\"Name\\" value=\\"\\" type=\\"hidden\\" title=\\"@{repeating_custom-fieldset_$X_drop_name}\\"/>
  <input name=\\"attr_drop_data\\" accept=\\"data\\" value=\\"\\" type=\\"hidden\\" title=\\"@{repeating_custom-fieldset_$X_drop_data}\\"/>
  <input name=\\"attr_prefix_drop_name\\" accept=\\"Name\\" value=\\"\\" type=\\"hidden\\" title=\\"@{repeating_custom-fieldset_$X_prefix_drop_name}\\"/>
  <input name=\\"attr_prefix_drop_data\\" accept=\\"data\\" value=\\"\\" type=\\"hidden\\" title=\\"@{repeating_custom-fieldset_$X_prefix_drop_data}\\"/>
</fieldset><span class=\\"inline-fieldset\\" hidden=\\"\\"></span>
<fieldset class=\\"repeating_inline-fieldset\\">
  <input class=\\"display-control\\" name=\\"attr_display_state\\" value=\\"short-display\\" hidden=\\"\\" type=\\"radio\\" title=\\"@{repeating_inline-fieldset_$X_display_state}\\"/>
  <div class=\\"inline-fieldset__summary display-target\\">
    <label class=\\"pointer\\">
      <input name=\\"attr_collapse\\" value=\\"1\\" hidden=\\"\\" type=\\"checkbox\\" title=\\"@{repeating_inline-fieldset_$X_collapse}\\"/><span class=\\"inline-fieldset__summary__text\\" name=\\"attr_name\\" title=\\"@{repeating_inline-fieldset_$X_name}\\"></span>
    </label>
  </div>
  <input class=\\"display-control\\" name=\\"attr_display_state\\" value=\\"display\\" checked=\\"\\" hidden=\\"\\" type=\\"radio\\" title=\\"@{repeating_inline-fieldset_$X_display_state}\\"/>
  <div class=\\"inline-fieldset__detail display-target\\">
    <input class=\\"collapse\\" name=\\"attr_collapse\\" value=\\"1\\" type=\\"checkbox\\" title=\\"@{repeating_inline-fieldset_$X_collapse}\\"/>
    <input name=\\"attr_drop_name\\" accept=\\"Name\\" value=\\"\\" type=\\"hidden\\" title=\\"@{repeating_inline-fieldset_$X_drop_name}\\"/>
    <input name=\\"attr_drop_data\\" accept=\\"data\\" value=\\"\\" type=\\"hidden\\" title=\\"@{repeating_inline-fieldset_$X_drop_data}\\"/>
    <input name=\\"attr_prefix_drop_name\\" accept=\\"Name\\" value=\\"\\" type=\\"hidden\\" title=\\"@{repeating_inline-fieldset_$X_prefix_drop_name}\\"/>
    <input name=\\"attr_prefix_drop_data\\" accept=\\"data\\" value=\\"\\" type=\\"hidden\\" title=\\"@{repeating_inline-fieldset_$X_prefix_drop_data}\\"/>
  </div>
</fieldset>
<button class=\\"repcontrol-button repcontrol-button--add repcontrol-button--inline\\" name=\\"act_add-inline-fieldset\\" type=\\"action\\" title=\\"%{add-inline-fieldset}\\">
</button>
<button class=\\"repcontrol-button repcontrol-button--edit repcontrol-button--inline\\" name=\\"act_edit-inline-fieldset\\" type=\\"action\\" title=\\"%{edit-inline-fieldset}\\">
</button>"
`;
